Gg, Gg, Rp, Gg, Gg, Gg, Gg, Gg, Gg, Gg, Hh, Gg, Gll^Fp, Gg, Hh, Gg, Gg, Gg, Gg, Gg, Wot, Wot, Wot, Wot, Wot, Gg, Gg, Gg, Gg, Gg, Gg, Gg
Gg, Gg, Gg, Rp, Rp, Gg, Gg, Gg, Gg, Hh, Hh, Gll^Fp, Gll^Fp, Gll^Fp, Gg, Hh, Gg, Gg, Gg, Gg, Gg, Gg, Wot, Wot, Wot, Wot, Gg, Gg, Gg, Gg, Gg, Gg
Gg, Gg, Gg, Gg, Rp, Rr^Wm, Gs^Vh, Gg, Hh, Hh, Gll^Fp, Gll^Fp, Gg, Gg, Gg, Gg, Kh, Gg, Gg, Gg, Gg, Gg, Gg, Wot, Wot, Wot, Gg, Gs^Vh, Re^Gvs, Re^Gvs, Re^Gvs, Gg
Gg, Gg, Gg, Gg, Gg, Rp, Rp, Rp, Rp, Hh, Gg, Gg, Gg, Gg, Ch, Ch, Kh, Ch, Ch, Gg, Gg, Gg, Gg, Wot, Wot, Wot, Gg, Re^Gvs, Re^Gvs, Re^Gvs, Re^Gvs, Re^Gvs
Gg, Gg, Hh, Gg, Hh, Hh, Hh, Hh, Gg, Rp, Rp, Gg, Ch, Ch, Rr, Rr, Rb^Emf, Rb^Emf, Rb^Emf, Ch, Ch, Gg, Wot, Wot, Wot, Wot, Gg, Re^Gvs, Re^Gvs, Re^Gvs, Re^Gvs, Re^Gvs
Gg, Hh, Gll^Fp, Hh, Hh, Gll^Fp, Gg, Gg, Gg, Gg, Ch, Rr^Pr/, Rrc, Rr^Ebn, Rr^Ebn, Rb^Emf, Rb^Emf, Rb^Emf, Rb^Emf, Rb^Emf, Gll^Fmw, Ch, Wot^Pr\, Wot, Wot, Gg, Re^Gvs, Re^Gvs, Re^Gvs, Re^Gvs, Re^Gvs, Re^Gvs
Gg, Hh, Gll^Fp, Gll^Fp, Hh, Gg, Gg, Gg, Ch, Ch, Rr, Rr^Ebn, Rr, Rrc, Rrc, Rr^Vhc, Rr, Rb^Emf, Rr, Gll^Fmw, Wot, Wot, Wot, Wot^Pr\, Ch, Gg, Gg, Re^Gvs, Re^Gvs, Re^Gvs, Re^Gvs, Re^Gvs
Gg, Gll^Fp, Hh, Hh, Gg, Gg, 3 Kh, Ch, Rr, Rr, Rr^Ecf, Re^Vct, Rrc, Rrc, Gs, Rrc, Rrc, Rr, Gll^Fmw, Gll^Fmw, Wot, Wot, Gll^Fmw, Gll^Fmw, Rr, Ch, Kh, Gg, Gg, Re^Gvs, Gg, Gg
Hh, Gll^Fp, Hh, Hh, Gg, Gg, Ch, Kh, Rrc, Rr, Rrc, Rrc, Gs, Gs, Hh, Gs, Rrc, Rrc, Rrc, Wot, Wot, Gll^Fmw, Rr, Rr^Ebn, Rrc, Kh, Ch, Gg, Gg, Gg, Wot^Bsb\, Wot
Hh, Hh, Gll^Fp, Gg, Gg, Gg, Ch, Re^Gvs, Re^Gvs, Rrc, Rrc, Gs, Rr^Vhc, Hh, Gg^Fet, Gs, Rrc, Wwt, Rrc, Rrc, Wot^Bsb\, Gll^Fmw, Rrc, Rrc, Gll^Fmw, Gll^Fmw, Wot, Wot, Wot, Wot, Wot, Wot^Bsb\
Gll^Fp, Gll^Fp, Gll^Fp, Gg, Gg, Gg, Ch, Re^Gvs, Rr^Wm, Rr^Wm, Rrc, Gs, Gs, Gs, Gs, Gs, Kh, Rrc, Gll^Fmw, Gll^Fmw, Wot, Rrc, Rrc, Rr^Vhc, Wot, Wot, Wot, Wot, Wot, Wot, Gg, Gg
Gll^Fp, Gll^Fp, Gll^Fp, Gg, Gg, Gg, Ch, Re^Gvs, Rrc, Rrc, Rrc, Gs, Hh, Gg^Fet, Rrc, Rrc, Rrc, Rr, Gll^Fmw, Wot, Wot, Rr^Ebn, Wot, Wot^Bsb\, Wot^Bsb\, Wot, Ch, Gg, Gg, Gg, Gg, Rp
Gll^Fp, Gll^Fp, Gll^Fp, Gg, Gg, Gg, Ch, Re^Gvs, Rr^Wm, Rr^Wm, Rrc, Gg^Fet, Rrc, Rrc, Rr, Rr^Vhc, Gll^Fmw, Rrc, Wot^Bsb\, Wot, Wot, Wot, Wot, Wot, Rrc, Rrc, Ch, Gg, Gg, Gg, Gg, Rp
Gll^Fp, Gll^Fp, Gll^Fp, Gg, Gg, Gg, Ch, Re^Gvs, Re^Gvs, Re^Gvs, Rrc, Rrc, Rrc, Rr, Rr, 2 Gll^Fmw, Wot, Wot, Wot, Wot^Bsb\, Rrc, Rr^Ebn, Rrc, Rrc, Rrc, Gll^Fmw, Ch, Gg, Gg, Gg, Rp, Rp
Gll^Fp, Gll^Fp, Gll^Fp, Gg, Gg, Gg, Ch, Re^Gvs, Rrc, Rrc, Rr^Vhc, Re^Dr, Re^Efm, Rrc, 1 Rrc, Gll^Fmw, Wot, Wot, Rr^Vhc, Gll^Fmw, Gll^Fmw, Rrc, Gll^Fmw, Gll^Fmw, Rrc, Kh, Kh, Gg, Gg, Gg, Rp, Hh
Gll^Fp, Gll^Fp, Gll^Fp, Gg, Gg, Gg, Rp, Rr^Pr\, Ch, Rr^Ebn, Re^Efm, Re^Efm, Re^Efm, Re^Dr, Gll^Fmw, Wot^Bw\, Wot, Wot, Gll^Fmw, Re^Efm, Re^Efm, Gll^Fmw, Re^Efm, Re^Efm, Rr^Pr/, Ch, Gg, Gg, Gg, Gg, Rp, Hh
Gll^Fp, Gll^Fp, Gll^Fp, Gll^Fp, Rp, Rp, Gg, Gg, Gg, Ch, Ch, Re^Efm, Re^Efm, Re^Efm, Gll^Fmw, Wot, Wot, Wot, Gll^Fmw, Re^Efm, Re^Efm, Re^Efm, Ch, Ch, Gg, Rp, Rp, Gg, Rp, Rp, Hh, Hh
Gg, Gll^Fp, Gll^Fp, Gll^Fp, Rp, Gg, Gg, Gg, Gg, Gg, Gg, Ch, Ch, Re^Efm, Gll^Fmw, Wot, Wot, Wot, Gll^Fmw, Re^Efm, Ch, Ch, Gg, Gg, Gg, Gg, Gg, Rp, Rp, Hh, Gll^Fp, Hh
Rp, Gll^Fp, Rp, Rp, Rp, Gg, Gg, Gg, Gg, Gg, Gg, Gg, Gg, Ch, Ch, Gll^Fmw, Wot, Wot, Ch, Ch, Gg, Gg, Gg, Gg, Gg, Gg, Gg, Gg, Hh, Rp, Rp, Hh
Rp, Rp, Gll^Fp, Gll^Fp, Rp, Gg, Hh, Gg, Gg, Gg, Gg, Gg, Gg, Gg, Gg, Ch, Wot^Pr|o, Ch, Wot, Gg, Gg, Gg, Gg, Gg, Gg, Gg, Hh, Hh, Hh, Hh, Hh, Rp
Gg, Gll^Fp, Gll^Fp, Gll^Fp, Gll^Fp, Rp, Rp, Hh, Hh, Gg, Gg, Gg, Gg, Gg, Gg, Wot, Wot, Wot, Wot, Gg, Gg, Gg, Gg, Gg, Hh, Hh, Gll^Fp, Hh, Hh^Efm, Gll^Fp, Hh, Hh
Gll^Fp, Gll^Fp, Gll^Fp, Gll^Fp, Gll^Fp, Gll^Fp, Gll^Fp, Rp, Gs^Vh, Hh, Gg, Gg, Gg, Gg, Gll^Fp, Wot, Wot, Wot, Wot, Gll^Fp, Gll^Fp, Gg, Hh, Hh, Hh, Hh, Hh, Hh^Efm, Gll^Fp, Hh, Hh, Hh
Gll^Fp, Gll^Fp, Gll^Fp, Gll^Fp, Gll^Fp, Gll^Fp, Gll^Fp, Gll^Fp, Gg, Hh, Hh, Gg, Gg, Gg, Gll^Fp, Gll^Fp, Wot, Wot, Wot, Gll^Fp, Gll^Fp, Gg, Hh, Hh, Hh, Hh, Gll^Fp, Hh, Hh, Hh, Hh, Hh
Gg, Gll^Fp, Gll^Fp, Gll^Fp, Gg, Gll^Fp, Gll^Fp, Gll^Fp, Gg, Gg, Gg, Gg, Gg, Gg, Gg, Gll^Fp, Wot, Wot, Wot, Wot, Gg, Gg, Hh, Hh, Hh, Hh, Hh, Hh, Hh, Hh, Hh, Hh
